
> waza-app@0.1.0 build
> next build

▲ Next.js 16.2.2 (Turbopack)
- Environments: .env

node.exe : ⚠ The "middleware" file 
convention is deprecated. Please use 
"proxy" instead. Learn more: https://nextjs
.org/docs/messages/middleware-to-proxy
At line:1 char:1
+ & "C:\Program Files\nodejs/node.exe" 
"C:\Program Files\nodejs/node_mo ...
+ ~~~~~~~~~~~~~~~~~~~~~~~~~~~~~~~~~~~~~~~~~
~~~~~~~~~~~~~~~~~~~~~~~~~~~~
    + CategoryInfo          : NotSpecified 
   : (⚠ The "middlewa...leware-to-proxy:S  
  tring) [], RemoteException
    + FullyQualifiedErrorId : NativeComman 
   dError
 
  Creating an optimized production build ...
✓ Compiled successfully in 11.5s
  Running TypeScript ...
Failed to type check.

./src/components/TechniqueRow.tsx:77:20
Type error: Property 'videoUrl' does not 
exist on type 'Technique'.

  [90m75 |[0m
  [90m76 |[0m         {[90m/* Video 
Toggle Chevron */[0m}
[31m[1m>[0m [90m77 |[0m         
{technique.videoUrl && (
  [90m   |[0m                    
[31m[1m^[0m
  [90m78 |[0m           <button 
  [90m79 |[0m             
onClick={onToggleOpen}
  [90m80 |[0m             
className={[32m`w-10 h-10 border-2 
border-black flex items-center 
justify-center f...[0m
Next.js build worker exited with code: 1 
and signal: null
